info: Microsoft.Hosting.Lifetime[14]
      Now listening on: http://[::]:5204
info: Microsoft.Hosting.Lifetime[0]
      Application started. Press Ctrl+C to shut down.
info: Microsoft.Hosting.Lifetime[0]
      Hosting environment: Production
info: Microsoft.Hosting.Lifetime[0]
      Content root path: D:\qiand-life\1-projects\xr-code-suite\output\lab-management-system-aspnetcore\src
fail: Microsoft.AspNetCore.Diagnostics.ExceptionHandlerMiddleware[1]
      An unhandled exception has occurred while executing the request.
      System.ArgumentException: missing lab_sso_state cookie
         at Lab.AspNetCore.Auth.State.StateCookieManager.Verify(String cookieValue, String bodyState) in D:\qiand-life\1-projects\xr-code-suite\output\lab-management-system-aspnetcore\src\Auth\State\StateCookieManager.cs:line 48
         at Lab.AspNetCore.Services.AuthService.SsoCallback(SsoCallbackRequest body, String cookieValue) in D:\qiand-life\1-projects\xr-code-suite\output\lab-management-system-aspnetcore\src\Services\AuthService.cs:line 283
         at Lab.AspNetCore.Controllers.Implementation.AuthController.SsoCallback(SsoCallbackRequest body) in D:\qiand-life\1-projects\xr-code-suite\output\lab-management-system-aspnetcore\src\Controllers\Implementation\AuthController.cs:line 56
         at lambda_method29(Closure, Object, Object[])
         at Microsoft.AspNetCore.Mvc.Infrastructure.ActionMethodExecutor.AwaitableObjectResultExecutor.Execute(ActionContext actionContext, IActionResultTypeMapper mapper, ObjectMethodExecutor executor, Object controller, Object[] arguments)
         at Microsoft.AspNetCore.Mvc.Infrastructure.ControllerActionInvoker.<InvokeActionMethodAsync>g__Awaited|12_0(ControllerActionInvoker invoker, ValueTask`1 actionResultValueTask)
         at Microsoft.AspNetCore.Mvc.Infrastructure.ControllerActionInvoker.<InvokeNextActionFilterAsync>g__Awaited|10_0(ControllerActionInvoker invoker, Task lastTask, State next, Scope scope, Object state, Boolean isCompleted)
         at Microsoft.AspNetCore.Mvc.Infrastructure.ControllerActionInvoker.Rethrow(ActionExecutedContextSealed context)
         at Microsoft.AspNetCore.Mvc.Infrastructure.ControllerActionInvoker.Next(State& next, Scope& scope, Object& state, Boolean& isCompleted)
         at Microsoft.AspNetCore.Mvc.Infrastructure.ControllerActionInvoker.InvokeInnerFilterAsync()
      --- End of stack trace from previous location ---
         at Microsoft.AspNetCore.Mvc.Infrastructure.ResourceInvoker.<InvokeFilterPipelineAsync>g__Awaited|20_0(ResourceInvoker invoker, Task lastTask, State next, Scope scope, Object state, Boolean isCompleted)
         at Microsoft.AspNetCore.Mvc.Infrastructure.ResourceInvoker.<InvokeAsync>g__Awaited|17_0(ResourceInvoker invoker, Task task, IDisposable scope)
         at Microsoft.AspNetCore.Mvc.Infrastructure.ResourceInvoker.<InvokeAsync>g__Awaited|17_0(ResourceInvoker invoker, Task task, IDisposable scope)
         at Microsoft.AspNetCore.Diagnostics.ExceptionHandlerMiddlewareImpl.<Invoke>g__Awaited|10_0(ExceptionHandlerMiddlewareImpl middleware, HttpContext context, Task task)
info: System.Net.Http.HttpClient.ISaasAuthClient.LogicalHandler[100]
      Start processing HTTP request POST http://localhost:5101/api/v1/oauth/token
info: System.Net.Http.HttpClient.ISaasAuthClient.ClientHandler[100]
      Sending HTTP request POST http://localhost:5101/api/v1/oauth/token
info: System.Net.Http.HttpClient.ISaasAuthClient.ClientHandler[101]
      Received HTTP response headers after 3506.1978ms - 200
info: System.Net.Http.HttpClient.ISaasAuthClient.LogicalHandler[101]
      End processing HTTP request after 3516.499ms - 200
info: System.Net.Http.HttpClient.ISaasMeClient.LogicalHandler[100]
      Start processing HTTP request GET http://localhost:5101/api/v1/me
info: System.Net.Http.HttpClient.ISaasMeClient.ClientHandler[100]
      Sending HTTP request GET http://localhost:5101/api/v1/me
info: System.Net.Http.HttpClient.ISaasMeClient.ClientHandler[101]
      Received HTTP response headers after 4836.9331ms - 200
info: System.Net.Http.HttpClient.ISaasMeClient.LogicalHandler[101]
      End processing HTTP request after 4837.0166ms - 200
info: System.Net.Http.HttpClient.ISaasMeClient.LogicalHandler[100]
      Start processing HTTP request GET http://localhost:5101/api/v1/me/tenants
info: System.Net.Http.HttpClient.ISaasMeClient.ClientHandler[100]
      Sending HTTP request GET http://localhost:5101/api/v1/me/tenants
info: System.Net.Http.HttpClient.ISaasMeClient.ClientHandler[101]
      Received HTTP response headers after 2969.101ms - 200
info: System.Net.Http.HttpClient.ISaasMeClient.LogicalHandler[101]
      End processing HTTP request after 2969.192ms - 200
info: System.Net.Http.HttpClient.ISaasMeClient.LogicalHandler[100]
      Start processing HTTP request GET http://localhost:5101/api/v1/me/menus?appCode=lab-management
info: System.Net.Http.HttpClient.ISaasMeClient.ClientHandler[100]
      Sending HTTP request GET http://localhost:5101/api/v1/me/menus?appCode=lab-management
info: System.Net.Http.HttpClient.ISaasMeClient.ClientHandler[101]
      Received HTTP response headers after 5144.5426ms - 200
info: System.Net.Http.HttpClient.ISaasMeClient.LogicalHandler[101]
      End processing HTTP request after 5144.6429ms - 200
info: System.Net.Http.HttpClient.ISaasMeClient.LogicalHandler[100]
      Start processing HTTP request GET http://localhost:5101/api/v1/admin/tenants?page=0&pageSize=100
info: System.Net.Http.HttpClient.ISaasMeClient.ClientHandler[100]
      Sending HTTP request GET http://localhost:5101/api/v1/admin/tenants?page=0&pageSize=100
info: System.Net.Http.HttpClient.ISaasMeClient.ClientHandler[101]
      Received HTTP response headers after 2869.0936ms - 200
info: System.Net.Http.HttpClient.ISaasMeClient.LogicalHandler[101]
      End processing HTTP request after 2869.1736ms - 200
info: System.Net.Http.HttpClient.ISaasAuthClient.LogicalHandler[100]
      Start processing HTTP request POST http://localhost:5101/api/v1/auth/login
info: System.Net.Http.HttpClient.ISaasAuthClient.ClientHandler[100]
      Sending HTTP request POST http://localhost:5101/api/v1/auth/login
info: System.Net.Http.HttpClient.ISaasAuthClient.ClientHandler[101]
      Received HTTP response headers after 1304.1519ms - 200
info: System.Net.Http.HttpClient.ISaasAuthClient.LogicalHandler[101]
      End processing HTTP request after 1304.247ms - 200
info: System.Net.Http.HttpClient.ISaasMeClient.LogicalHandler[100]
      Start processing HTTP request GET http://localhost:5101/api/v1/me/menus?appCode=lab-management
info: System.Net.Http.HttpClient.ISaasMeClient.ClientHandler[100]
      Sending HTTP request GET http://localhost:5101/api/v1/me/menus?appCode=lab-management
info: System.Net.Http.HttpClient.ISaasMeClient.ClientHandler[101]
      Received HTTP response headers after 762.2493ms - 200
info: System.Net.Http.HttpClient.ISaasMeClient.LogicalHandler[101]
      End processing HTTP request after 762.3555ms - 200
